// Jest Snapshot v1, https://goo.gl/fbAQLP

exports[`loadLesson.loadLesson 0 1`] = `[]`;

exports[`loadLesson.loadLesson 1 1`] = `[]`;

exports[`loadLesson.loadLesson 2 1`] = `[]`;

exports[`loadLesson.loadLesson 3 1`] = `[]`;

exports[`loadLesson.loadLesson 4 1`] = `[]`;

exports[`loadLesson.loadLesson 5 1`] = `
[
  {
    "color": "transparent",
    "value": "f",
  },
  {
    "color": "transparent",
    "value": "d",
  },
  {
    "color": "transparent",
    "value": " ",
  },
  {
    "color": "transparent",
    "value": "f",
  },
  {
    "color": "transparent",
    "value": "d",
  },
  {
    "color": "transparent",
    "value": " ",
  },
  {
    "color": "transparent",
    "value": "f",
  },
  {
    "color": "transparent",
    "value": "d",
  },
  {
    "color": "transparent",
    "value": " ",
  },
  {
    "color": "transparent",
    "value": "f",
  },
  {
    "color": "transparent",
    "value": "d",
  },
  {
    "color": "transparent",
    "value": " ",
  },
  {
    "color": "transparent",
    "value": "f",
  },
  {
    "color": "transparent",
    "value": "d",
  },
  {
    "color": "transparent",
    "value": " ",
  },
  {
    "color": "transparent",
    "value": "f",
  },
  {
    "color": "transparent",
    "value": "d",
  },
  {
    "color": "transparent",
    "value": " ",
  },
  {
    "color": "transparent",
    "value": "f",
  },
  {
    "color": "transparent",
    "value": "d",
  },
  {
    "color": "transparent",
    "value": " ",
  },
  {
    "color": "transparent",
    "value": "f",
  },
  {
    "color": "transparent",
    "value": "d",
  },
  {
    "color": "transparent",
    "value": " ",
  },
  {
    "color": "transparent",
    "value": "f",
  },
  {
    "color": "transparent",
    "value": "d",
  },
  {
    "color": "transparent",
    "value": " ",
  },
  {
    "color": "transparent",
    "value": "f",
  },
  {
    "color": "transparent",
    "value": "d",
  },
  {
    "color": "transparent",
    "value": " ",
  },
  {
    "color": "transparent",
    "value": "f",
  },
  {
    "color": "transparent",
    "value": "d",
  },
  {
    "color": "transparent",
    "value": " ",
  },
  {
    "color": "transparent",
    "value": "f",
  },
  {
    "color": "transparent",
    "value": "d",
  },
  {
    "color": "transparent",
    "value": " ",
  },
  {
    "color": "transparent",
    "value": "d",
  },
  {
    "color": "transparent",
    "value": "f",
  },
  {
    "color": "transparent",
    "value": " ",
  },
  {
    "color": "transparent",
    "value": "d",
  },
  {
    "color": "transparent",
    "value": "f",
  },
  {
    "color": "transparent",
    "value": " ",
  },
  {
    "color": "transparent",
    "value": "d",
  },
  {
    "color": "transparent",
    "value": "f",
  },
  {
    "color": "transparent",
    "value": " ",
  },
  {
    "color": "transparent",
    "value": "d",
  },
  {
    "color": "transparent",
    "value": "f",
  },
  {
    "color": "transparent",
    "value": " ",
  },
  {
    "color": "transparent",
    "value": "d",
  },
  {
    "color": "transparent",
    "value": "f",
  },
  {
    "color": "transparent",
    "value": " ",
  },
  {
    "color": "transparent",
    "value": "d",
  },
  {
    "color": "transparent",
    "value": "f",
  },
  {
    "color": "transparent",
    "value": " ",
  },
  {
    "color": "transparent",
    "value": "d",
  },
  {
    "color": "transparent",
    "value": "f",
  },
  {
    "color": "transparent",
    "value": " ",
  },
  {
    "color": "transparent",
    "value": "d",
  },
  {
    "color": "transparent",
    "value": "f",
  },
  {
    "color": "transparent",
    "value": " ",
  },
  {
    "color": "transparent",
    "value": "d",
  },
  {
    "color": "transparent",
    "value": "f",
  },
  {
    "color": "transparent",
    "value": " ",
  },
  {
    "color": "transparent",
    "value": "d",
  },
  {
    "color": "transparent",
    "value": "f",
  },
  {
    "color": "transparent",
    "value": " ",
  },
  {
    "color": "transparent",
    "value": "d",
  },
  {
    "color": "transparent",
    "value": "f",
  },
  {
    "color": "transparent",
    "value": "
",
  },
  {
    "color": "transparent",
    "value": "j",
  },
  {
    "color": "transparent",
    "value": "k",
  },
  {
    "color": "transparent",
    "value": " ",
  },
  {
    "color": "transparent",
    "value": "j",
  },
  {
    "color": "transparent",
    "value": "k",
  },
  {
    "color": "transparent",
    "value": " ",
  },
  {
    "color": "transparent",
    "value": "j",
  },
  {
    "color": "transparent",
    "value": "k",
  },
  {
    "color": "transparent",
    "value": " ",
  },
  {
    "color": "transparent",
    "value": "j",
  },
  {
    "color": "transparent",
    "value": "k",
  },
  {
    "color": "transparent",
    "value": " ",
  },
  {
    "color": "transparent",
    "value": "j",
  },
  {
    "color": "transparent",
    "value": "k",
  },
  {
    "color": "transparent",
    "value": " ",
  },
  {
    "color": "transparent",
    "value": "j",
  },
  {
    "color": "transparent",
    "value": "k",
  },
  {
    "color": "transparent",
    "value": " ",
  },
  {
    "color": "transparent",
    "value": "j",
  },
  {
    "color": "transparent",
    "value": "k",
  },
  {
    "color": "transparent",
    "value": " ",
  },
  {
    "color": "transparent",
    "value": "j",
  },
  {
    "color": "transparent",
    "value": "k",
  },
  {
    "color": "transparent",
    "value": " ",
  },
  {
    "color": "transparent",
    "value": "j",
  },
  {
    "color": "transparent",
    "value": "k",
  },
  {
    "color": "transparent",
    "value": " ",
  },
  {
    "color": "transparent",
    "value": "j",
  },
  {
    "color": "transparent",
    "value": "k",
  },
  {
    "color": "transparent",
    "value": " ",
  },
  {
    "color": "transparent",
    "value": "j",
  },
  {
    "color": "transparent",
    "value": "k",
  },
  {
    "color": "transparent",
    "value": " ",
  },
  {
    "color": "transparent",
    "value": "j",
  },
  {
    "color": "transparent",
    "value": "k",
  },
  {
    "color": "transparent",
    "value": " ",
  },
  {
    "color": "transparent",
    "value": "k",
  },
  {
    "color": "transparent",
    "value": "j",
  },
  {
    "color": "transparent",
    "value": " ",
  },
  {
    "color": "transparent",
    "value": "k",
  },
  {
    "color": "transparent",
    "value": "j",
  },
  {
    "color": "transparent",
    "value": " ",
  },
  {
    "color": "transparent",
    "value": "k",
  },
  {
    "color": "transparent",
    "value": "j",
  },
  {
    "color": "transparent",
    "value": " ",
  },
  {
    "color": "transparent",
    "value": "k",
  },
  {
    "color": "transparent",
    "value": "j",
  },
  {
    "color": "transparent",
    "value": " ",
  },
  {
    "color": "transparent",
    "value": "k",
  },
  {
    "color": "transparent",
    "value": "j",
  },
  {
    "color": "transparent",
    "value": " ",
  },
  {
    "color": "transparent",
    "value": "k",
  },
  {
    "color": "transparent",
    "value": "j",
  },
  {
    "color": "transparent",
    "value": " ",
  },
  {
    "color": "transparent",
    "value": "k",
  },
  {
    "color": "transparent",
    "value": "j",
  },
  {
    "color": "transparent",
    "value": " ",
  },
  {
    "color": "transparent",
    "value": "k",
  },
  {
    "color": "transparent",
    "value": "j",
  },
  {
    "color": "transparent",
    "value": " ",
  },
  {
    "color": "transparent",
    "value": "k",
  },
  {
    "color": "transparent",
    "value": "j",
  },
  {
    "color": "transparent",
    "value": " ",
  },
  {
    "color": "transparent",
    "value": "k",
  },
  {
    "color": "transparent",
    "value": "j",
  },
  {
    "color": "transparent",
    "value": " ",
  },
  {
    "color": "transparent",
    "value": "k",
  },
  {
    "color": "transparent",
    "value": "j",
  },
  {
    "color": "transparent",
    "value": "
",
  },
  {
    "color": "transparent",
    "value": "s",
  },
  {
    "color": "transparent",
    "value": "a",
  },
  {
    "color": "transparent",
    "value": " ",
  },
  {
    "color": "transparent",
    "value": "s",
  },
  {
    "color": "transparent",
    "value": "a",
  },
  {
    "color": "transparent",
    "value": " ",
  },
  {
    "color": "transparent",
    "value": "s",
  },
  {
    "color": "transparent",
    "value": "a",
  },
  {
    "color": "transparent",
    "value": " ",
  },
  {
    "color": "transparent",
    "value": "s",
  },
  {
    "color": "transparent",
    "value": "a",
  },
  {
    "color": "transparent",
    "value": " ",
  },
  {
    "color": "transparent",
    "value": "s",
  },
  {
    "color": "transparent",
    "value": "a",
  },
  {
    "color": "transparent",
    "value": " ",
  },
  {
    "color": "transparent",
    "value": "s",
  },
  {
    "color": "transparent",
    "value": "a",
  },
  {
    "color": "transparent",
    "value": " ",
  },
  {
    "color": "transparent",
    "value": "s",
  },
  {
    "color": "transparent",
    "value": "a",
  },
  {
    "color": "transparent",
    "value": " ",
  },
  {
    "color": "transparent",
    "value": "s",
  },
  {
    "color": "transparent",
    "value": "a",
  },
  {
    "color": "transparent",
    "value": " ",
  },
  {
    "color": "transparent",
    "value": "s",
  },
  {
    "color": "transparent",
    "value": "a",
  },
  {
    "color": "transparent",
    "value": " ",
  },
  {
    "color": "transparent",
    "value": "s",
  },
  {
    "color": "transparent",
    "value": "a",
  },
  {
    "color": "transparent",
    "value": " ",
  },
  {
    "color": "transparent",
    "value": "s",
  },
  {
    "color": "transparent",
    "value": "a",
  },
  {
    "color": "transparent",
    "value": " ",
  },
  {
    "color": "transparent",
    "value": "s",
  },
  {
    "color": "transparent",
    "value": "a",
  },
  {
    "color": "transparent",
    "value": " ",
  },
  {
    "color": "transparent",
    "value": "a",
  },
  {
    "color": "transparent",
    "value": "s",
  },
  {
    "color": "transparent",
    "value": " ",
  },
  {
    "color": "transparent",
    "value": "a",
  },
  {
    "color": "transparent",
    "value": "s",
  },
  {
    "color": "transparent",
    "value": " ",
  },
  {
    "color": "transparent",
    "value": "a",
  },
  {
    "color": "transparent",
    "value": "s",
  },
  {
    "color": "transparent",
    "value": " ",
  },
  {
    "color": "transparent",
    "value": "a",
  },
  {
    "color": "transparent",
    "value": "s",
  },
  {
    "color": "transparent",
    "value": " ",
  },
  {
    "color": "transparent",
    "value": "a",
  },
  {
    "color": "transparent",
    "value": "s",
  },
  {
    "color": "transparent",
    "value": " ",
  },
  {
    "color": "transparent",
    "value": "a",
  },
  {
    "color": "transparent",
    "value": "s",
  },
  {
    "color": "transparent",
    "value": " ",
  },
  {
    "color": "transparent",
    "value": "a",
  },
  {
    "color": "transparent",
    "value": "s",
  },
  {
    "color": "transparent",
    "value": " ",
  },
  {
    "color": "transparent",
    "value": "a",
  },
  {
    "color": "transparent",
    "value": "s",
  },
  {
    "color": "transparent",
    "value": " ",
  },
  {
    "color": "transparent",
    "value": "a",
  },
  {
    "color": "transparent",
    "value": "s",
  },
  {
    "color": "transparent",
    "value": " ",
  },
  {
    "color": "transparent",
    "value": "a",
  },
  {
    "color": "transparent",
    "value": "s",
  },
  {
    "color": "transparent",
    "value": " ",
  },
  {
    "color": "transparent",
    "value": "a",
  },
  {
    "color": "transparent",
    "value": "s",
  },
  {
    "color": "transparent",
    "value": "
",
  },
  {
    "color": "transparent",
    "value": "l",
  },
  {
    "color": "transparent",
    "value": "ö",
  },
  {
    "color": "transparent",
    "value": " ",
  },
  {
    "color": "transparent",
    "value": "l",
  },
  {
    "color": "transparent",
    "value": "ö",
  },
  {
    "color": "transparent",
    "value": " ",
  },
  {
    "color": "transparent",
    "value": "l",
  },
  {
    "color": "transparent",
    "value": "ö",
  },
  {
    "color": "transparent",
    "value": " ",
  },
  {
    "color": "transparent",
    "value": "l",
  },
  {
    "color": "transparent",
    "value": "ö",
  },
  {
    "color": "transparent",
    "value": " ",
  },
  {
    "color": "transparent",
    "value": "l",
  },
  {
    "color": "transparent",
    "value": "ö",
  },
  {
    "color": "transparent",
    "value": " ",
  },
  {
    "color": "transparent",
    "value": "l",
  },
  {
    "color": "transparent",
    "value": "ö",
  },
  {
    "color": "transparent",
    "value": " ",
  },
  {
    "color": "transparent",
    "value": "l",
  },
  {
    "color": "transparent",
    "value": "ö",
  },
  {
    "color": "transparent",
    "value": " ",
  },
  {
    "color": "transparent",
    "value": "l",
  },
  {
    "color": "transparent",
    "value": "ö",
  },
  {
    "color": "transparent",
    "value": " ",
  },
  {
    "color": "transparent",
    "value": "l",
  },
  {
    "color": "transparent",
    "value": "ö",
  },
  {
    "color": "transparent",
    "value": " ",
  },
  {
    "color": "transparent",
    "value": "l",
  },
  {
    "color": "transparent",
    "value": "ö",
  },
  {
    "color": "transparent",
    "value": " ",
  },
  {
    "color": "transparent",
    "value": "l",
  },
  {
    "color": "transparent",
    "value": "ö",
  },
  {
    "color": "transparent",
    "value": " ",
  },
  {
    "color": "transparent",
    "value": "l",
  },
  {
    "color": "transparent",
    "value": "ö",
  },
  {
    "color": "transparent",
    "value": " ",
  },
  {
    "color": "transparent",
    "value": "ö",
  },
  {
    "color": "transparent",
    "value": "l",
  },
  {
    "color": "transparent",
    "value": " ",
  },
  {
    "color": "transparent",
    "value": "ö",
  },
  {
    "color": "transparent",
    "value": "l",
  },
  {
    "color": "transparent",
    "value": " ",
  },
  {
    "color": "transparent",
    "value": "ö",
  },
  {
    "color": "transparent",
    "value": "l",
  },
  {
    "color": "transparent",
    "value": " ",
  },
  {
    "color": "transparent",
    "value": "ö",
  },
  {
    "color": "transparent",
    "value": "l",
  },
  {
    "color": "transparent",
    "value": " ",
  },
  {
    "color": "transparent",
    "value": "ö",
  },
  {
    "color": "transparent",
    "value": "l",
  },
  {
    "color": "transparent",
    "value": " ",
  },
  {
    "color": "transparent",
    "value": "ö",
  },
  {
    "color": "transparent",
    "value": "l",
  },
  {
    "color": "transparent",
    "value": " ",
  },
  {
    "color": "transparent",
    "value": "ö",
  },
  {
    "color": "transparent",
    "value": "l",
  },
  {
    "color": "transparent",
    "value": " ",
  },
  {
    "color": "transparent",
    "value": "ö",
  },
  {
    "color": "transparent",
    "value": "l",
  },
  {
    "color": "transparent",
    "value": " ",
  },
  {
    "color": "transparent",
    "value": "ö",
  },
  {
    "color": "transparent",
    "value": "l",
  },
  {
    "color": "transparent",
    "value": " ",
  },
  {
    "color": "transparent",
    "value": "ö",
  },
  {
    "color": "transparent",
    "value": "l",
  },
  {
    "color": "transparent",
    "value": " ",
  },
  {
    "color": "transparent",
    "value": "ö",
  },
  {
    "color": "transparent",
    "value": "l",
  },
  {
    "color": "transparent",
    "value": "
",
  },
  {
    "color": "transparent",
    "value": "
",
  },
  {
    "color": "transparent",
    "value": "f",
  },
  {
    "color": "transparent",
    "value": "f",
  },
  {
    "color": "transparent",
    "value": "f",
  },
  {
    "color": "transparent",
    "value": "j",
  },
  {
    "color": "transparent",
    "value": "j",
  },
  {
    "color": "transparent",
    "value": "j",
  },
  {
    "color": "transparent",
    "value": " ",
  },
  {
    "color": "transparent",
    "value": "f",
  },
  {
    "color": "transparent",
    "value": "f",
  },
  {
    "color": "transparent",
    "value": "f",
  },
  {
    "color": "transparent",
    "value": "j",
  },
  {
    "color": "transparent",
    "value": "j",
  },
  {
    "color": "transparent",
    "value": "j",
  },
  {
    "color": "transparent",
    "value": " ",
  },
  {
    "color": "transparent",
    "value": "f",
  },
  {
    "color": "transparent",
    "value": "f",
  },
  {
    "color": "transparent",
    "value": "j",
  },
  {
    "color": "transparent",
    "value": "j",
  },
  {
    "color": "transparent",
    "value": " ",
  },
  {
    "color": "transparent",
    "value": "d",
  },
  {
    "color": "transparent",
    "value": "d",
  },
  {
    "color": "transparent",
    "value": "d",
  },
  {
    "color": "transparent",
    "value": "k",
  },
  {
    "color": "transparent",
    "value": "k",
  },
  {
    "color": "transparent",
    "value": "k",
  },
  {
    "color": "transparent",
    "value": " ",
  },
  {
    "color": "transparent",
    "value": "d",
  },
  {
    "color": "transparent",
    "value": "d",
  },
  {
    "color": "transparent",
    "value": "d",
  },
  {
    "color": "transparent",
    "value": "k",
  },
  {
    "color": "transparent",
    "value": "k",
  },
  {
    "color": "transparent",
    "value": "k",
  },
  {
    "color": "transparent",
    "value": " ",
  },
  {
    "color": "transparent",
    "value": "d",
  },
  {
    "color": "transparent",
    "value": "d",
  },
  {
    "color": "transparent",
    "value": "k",
  },
  {
    "color": "transparent",
    "value": "k",
  },
  {
    "color": "transparent",
    "value": " ",
  },
  {
    "color": "transparent",
    "value": "s",
  },
  {
    "color": "transparent",
    "value": "s",
  },
  {
    "color": "transparent",
    "value": "s",
  },
  {
    "color": "transparent",
    "value": "l",
  },
  {
    "color": "transparent",
    "value": "l",
  },
  {
    "color": "transparent",
    "value": "l",
  },
  {
    "color": "transparent",
    "value": " ",
  },
  {
    "color": "transparent",
    "value": "s",
  },
  {
    "color": "transparent",
    "value": "s",
  },
  {
    "color": "transparent",
    "value": "s",
  },
  {
    "color": "transparent",
    "value": "l",
  },
  {
    "color": "transparent",
    "value": "l",
  },
  {
    "color": "transparent",
    "value": "l",
  },
  {
    "color": "transparent",
    "value": " ",
  },
  {
    "color": "transparent",
    "value": "s",
  },
  {
    "color": "transparent",
    "value": "s",
  },
  {
    "color": "transparent",
    "value": "l",
  },
  {
    "color": "transparent",
    "value": "l",
  },
  {
    "color": "transparent",
    "value": " ",
  },
  {
    "color": "transparent",
    "value": "a",
  },
  {
    "color": "transparent",
    "value": "a",
  },
  {
    "color": "transparent",
    "value": "a",
  },
  {
    "color": "transparent",
    "value": "ö",
  },
  {
    "color": "transparent",
    "value": "ö",
  },
  {
    "color": "transparent",
    "value": "ö",
  },
  {
    "color": "transparent",
    "value": " ",
  },
  {
    "color": "transparent",
    "value": "a",
  },
  {
    "color": "transparent",
    "value": "a",
  },
  {
    "color": "transparent",
    "value": "a",
  },
  {
    "color": "transparent",
    "value": "ö",
  },
  {
    "color": "transparent",
    "value": "ö",
  },
  {
    "color": "transparent",
    "value": "ö",
  },
  {
    "color": "transparent",
    "value": "
",
  },
  {
    "color": "transparent",
    "value": "f",
  },
  {
    "color": "transparent",
    "value": "j",
  },
  {
    "color": "transparent",
    "value": "f",
  },
  {
    "color": "transparent",
    "value": " ",
  },
  {
    "color": "transparent",
    "value": "f",
  },
  {
    "color": "transparent",
    "value": "j",
  },
  {
    "color": "transparent",
    "value": "f",
  },
  {
    "color": "transparent",
    "value": " ",
  },
  {
    "color": "transparent",
    "value": "f",
  },
  {
    "color": "transparent",
    "value": "j",
  },
  {
    "color": "transparent",
    "value": "f",
  },
  {
    "color": "transparent",
    "value": " ",
  },
  {
    "color": "transparent",
    "value": "f",
  },
  {
    "color": "transparent",
    "value": "j",
  },
  {
    "color": "transparent",
    "value": "f",
  },
  {
    "color": "transparent",
    "value": " ",
  },
  {
    "color": "transparent",
    "value": "f",
  },
  {
    "color": "transparent",
    "value": "j",
  },
  {
    "color": "transparent",
    "value": "f",
  },
  {
    "color": "transparent",
    "value": " ",
  },
  {
    "color": "transparent",
    "value": "f",
  },
  {
    "color": "transparent",
    "value": "j",
  },
  {
    "color": "transparent",
    "value": "f",
  },
  {
    "color": "transparent",
    "value": " ",
  },
  {
    "color": "transparent",
    "value": "f",
  },
  {
    "color": "transparent",
    "value": "j",
  },
  {
    "color": "transparent",
    "value": "f",
  },
  {
    "color": "transparent",
    "value": " ",
  },
  {
    "color": "transparent",
    "value": "f",
  },
  {
    "color": "transparent",
    "value": "j",
  },
  {
    "color": "transparent",
    "value": "f",
  },
  {
    "color": "transparent",
    "value": " ",
  },
  {
    "color": "transparent",
    "value": "f",
  },
  {
    "color": "transparent",
    "value": "j",
  },
  {
    "color": "transparent",
    "value": "f",
  },
  {
    "color": "transparent",
    "value": " ",
  },
  {
    "color": "transparent",
    "value": "j",
  },
  {
    "color": "transparent",
    "value": "f",
  },
  {
    "color": "transparent",
    "value": "j",
  },
  {
    "color": "transparent",
    "value": " ",
  },
  {
    "color": "transparent",
    "value": "j",
  },
  {
    "color": "transparent",
    "value": "f",
  },
  {
    "color": "transparent",
    "value": "j",
  },
  {
    "color": "transparent",
    "value": " ",
  },
  {
    "color": "transparent",
    "value": "j",
  },
  {
    "color": "transparent",
    "value": "f",
  },
  {
    "color": "transparent",
    "value": "j",
  },
  {
    "color": "transparent",
    "value": " ",
  },
  {
    "color": "transparent",
    "value": "j",
  },
  {
    "color": "transparent",
    "value": "f",
  },
  {
    "color": "transparent",
    "value": "j",
  },
  {
    "color": "transparent",
    "value": " ",
  },
  {
    "color": "transparent",
    "value": "j",
  },
  {
    "color": "transparent",
    "value": "f",
  },
  {
    "color": "transparent",
    "value": "j",
  },
  {
    "color": "transparent",
    "value": " ",
  },
  {
    "color": "transparent",
    "value": "j",
  },
  {
    "color": "transparent",
    "value": "f",
  },
  {
    "color": "transparent",
    "value": "j",
  },
  {
    "color": "transparent",
    "value": " ",
  },
  {
    "color": "transparent",
    "value": "j",
  },
  {
    "color": "transparent",
    "value": "f",
  },
  {
    "color": "transparent",
    "value": "j",
  },
  {
    "color": "transparent",
    "value": " ",
  },
  {
    "color": "transparent",
    "value": "j",
  },
  {
    "color": "transparent",
    "value": "f",
  },
  {
    "color": "transparent",
    "value": "j",
  },
  {
    "color": "transparent",
    "value": "
",
  },
  {
    "color": "transparent",
    "value": "d",
  },
  {
    "color": "transparent",
    "value": "k",
  },
  {
    "color": "transparent",
    "value": "d",
  },
  {
    "color": "transparent",
    "value": " ",
  },
  {
    "color": "transparent",
    "value": "d",
  },
  {
    "color": "transparent",
    "value": "k",
  },
  {
    "color": "transparent",
    "value": "d",
  },
  {
    "color": "transparent",
    "value": " ",
  },
  {
    "color": "transparent",
    "value": "d",
  },
  {
    "color": "transparent",
    "value": "k",
  },
  {
    "color": "transparent",
    "value": "d",
  },
  {
    "color": "transparent",
    "value": " ",
  },
  {
    "color": "transparent",
    "value": "d",
  },
  {
    "color": "transparent",
    "value": "k",
  },
  {
    "color": "transparent",
    "value": "d",
  },
  {
    "color": "transparent",
    "value": " ",
  },
  {
    "color": "transparent",
    "value": "d",
  },
  {
    "color": "transparent",
    "value": "k",
  },
  {
    "color": "transparent",
    "value": "d",
  },
  {
    "color": "transparent",
    "value": " ",
  },
  {
    "color": "transparent",
    "value": "d",
  },
  {
    "color": "transparent",
    "value": "k",
  },
  {
    "color": "transparent",
    "value": "d",
  },
  {
    "color": "transparent",
    "value": " ",
  },
  {
    "color": "transparent",
    "value": "d",
  },
  {
    "color": "transparent",
    "value": "k",
  },
  {
    "color": "transparent",
    "value": "d",
  },
  {
    "color": "transparent",
    "value": " ",
  },
  {
    "color": "transparent",
    "value": "d",
  },
  {
    "color": "transparent",
    "value": "k",
  },
  {
    "color": "transparent",
    "value": "d",
  },
  {
    "color": "transparent",
    "value": " ",
  },
  {
    "color": "transparent",
    "value": "d",
  },
  {
    "color": "transparent",
    "value": "k",
  },
  {
    "color": "transparent",
    "value": "d",
  },
  {
    "color": "transparent",
    "value": " ",
  },
  {
    "color": "transparent",
    "value": "k",
  },
  {
    "color": "transparent",
    "value": "d",
  },
  {
    "color": "transparent",
    "value": "k",
  },
  {
    "color": "transparent",
    "value": " ",
  },
  {
    "color": "transparent",
    "value": "k",
  },
  {
    "color": "transparent",
    "value": "d",
  },
  {
    "color": "transparent",
    "value": "k",
  },
  {
    "color": "transparent",
    "value": " ",
  },
  {
    "color": "transparent",
    "value": "k",
  },
  {
    "color": "transparent",
    "value": "d",
  },
  {
    "color": "transparent",
    "value": "k",
  },
  {
    "color": "transparent",
    "value": " ",
  },
  {
    "color": "transparent",
    "value": "k",
  },
  {
    "color": "transparent",
    "value": "d",
  },
  {
    "color": "transparent",
    "value": "k",
  },
  {
    "color": "transparent",
    "value": " ",
  },
  {
    "color": "transparent",
    "value": "k",
  },
  {
    "color": "transparent",
    "value": "d",
  },
  {
    "color": "transparent",
    "value": "k",
  },
  {
    "color": "transparent",
    "value": " ",
  },
  {
    "color": "transparent",
    "value": "k",
  },
  {
    "color": "transparent",
    "value": "d",
  },
  {
    "color": "transparent",
    "value": "k",
  },
  {
    "color": "transparent",
    "value": " ",
  },
  {
    "color": "transparent",
    "value": "k",
  },
  {
    "color": "transparent",
    "value": "d",
  },
  {
    "color": "transparent",
    "value": "k",
  },
  {
    "color": "transparent",
    "value": " ",
  },
  {
    "color": "transparent",
    "value": "k",
  },
  {
    "color": "transparent",
    "value": "d",
  },
  {
    "color": "transparent",
    "value": "k",
  },
  {
    "color": "transparent",
    "value": "
",
  },
  {
    "color": "transparent",
    "value": "s",
  },
  {
    "color": "transparent",
    "value": "l",
  },
  {
    "color": "transparent",
    "value": "s",
  },
  {
    "color": "transparent",
    "value": " ",
  },
  {
    "color": "transparent",
    "value": "s",
  },
  {
    "color": "transparent",
    "value": "l",
  },
  {
    "color": "transparent",
    "value": "s",
  },
  {
    "color": "transparent",
    "value": " ",
  },
  {
    "color": "transparent",
    "value": "s",
  },
  {
    "color": "transparent",
    "value": "l",
  },
  {
    "color": "transparent",
    "value": "s",
  },
  {
    "color": "transparent",
    "value": " ",
  },
  {
    "color": "transparent",
    "value": "s",
  },
  {
    "color": "transparent",
    "value": "l",
  },
  {
    "color": "transparent",
    "value": "s",
  },
  {
    "color": "transparent",
    "value": " ",
  },
  {
    "color": "transparent",
    "value": "s",
  },
  {
    "color": "transparent",
    "value": "l",
  },
  {
    "color": "transparent",
    "value": "s",
  },
  {
    "color": "transparent",
    "value": " ",
  },
  {
    "color": "transparent",
    "value": "s",
  },
  {
    "color": "transparent",
    "value": "l",
  },
  {
    "color": "transparent",
    "value": "s",
  },
  {
    "color": "transparent",
    "value": " ",
  },
  {
    "color": "transparent",
    "value": "s",
  },
  {
    "color": "transparent",
    "value": "l",
  },
  {
    "color": "transparent",
    "value": "s",
  },
  {
    "color": "transparent",
    "value": " ",
  },
  {
    "color": "transparent",
    "value": "s",
  },
  {
    "color": "transparent",
    "value": "l",
  },
  {
    "color": "transparent",
    "value": "s",
  },
  {
    "color": "transparent",
    "value": " ",
  },
  {
    "color": "transparent",
    "value": "l",
  },
  {
    "color": "transparent",
    "value": "s",
  },
  {
    "color": "transparent",
    "value": "l",
  },
  {
    "color": "transparent",
    "value": " ",
  },
  {
    "color": "transparent",
    "value": "l",
  },
  {
    "color": "transparent",
    "value": "s",
  },
  {
    "color": "transparent",
    "value": "l",
  },
  {
    "color": "transparent",
    "value": " ",
  },
  {
    "color": "transparent",
    "value": "l",
  },
  {
    "color": "transparent",
    "value": "s",
  },
  {
    "color": "transparent",
    "value": "l",
  },
  {
    "color": "transparent",
    "value": " ",
  },
  {
    "color": "transparent",
    "value": "s",
  },
  {
    "color": "transparent",
    "value": "s",
  },
  {
    "color": "transparent",
    "value": "l",
  },
  {
    "color": "transparent",
    "value": " ",
  },
  {
    "color": "transparent",
    "value": "s",
  },
  {
    "color": "transparent",
    "value": "s",
  },
  {
    "color": "transparent",
    "value": "l",
  },
  {
    "color": "transparent",
    "value": " ",
  },
  {
    "color": "transparent",
    "value": "l",
  },
  {
    "color": "transparent",
    "value": "l",
  },
  {
    "color": "transparent",
    "value": "s",
  },
  {
    "color": "transparent",
    "value": " ",
  },
  {
    "color": "transparent",
    "value": "l",
  },
  {
    "color": "transparent",
    "value": "l",
  },
  {
    "color": "transparent",
    "value": "s",
  },
  {
    "color": "transparent",
    "value": " ",
  },
  {
    "color": "transparent",
    "value": "l",
  },
  {
    "color": "transparent",
    "value": "s",
  },
  {
    "color": "transparent",
    "value": "s",
  },
  {
    "color": "transparent",
    "value": " ",
  },
  {
    "color": "transparent",
    "value": "l",
  },
  {
    "color": "transparent",
    "value": "s",
  },
  {
    "color": "transparent",
    "value": "s",
  },
  {
    "color": "transparent",
    "value": "
",
  },
  {
    "color": "transparent",
    "value": "a",
  },
  {
    "color": "transparent",
    "value": "ö",
  },
  {
    "color": "transparent",
    "value": "a",
  },
  {
    "color": "transparent",
    "value": " ",
  },
  {
    "color": "transparent",
    "value": "a",
  },
  {
    "color": "transparent",
    "value": "ö",
  },
  {
    "color": "transparent",
    "value": "a",
  },
  {
    "color": "transparent",
    "value": " ",
  },
  {
    "color": "transparent",
    "value": "a",
  },
  {
    "color": "transparent",
    "value": "ö",
  },
  {
    "color": "transparent",
    "value": "a",
  },
  {
    "color": "transparent",
    "value": " ",
  },
  {
    "color": "transparent",
    "value": "a",
  },
  {
    "color": "transparent",
    "value": "ö",
  },
  {
    "color": "transparent",
    "value": "a",
  },
  {
    "color": "transparent",
    "value": " ",
  },
  {
    "color": "transparent",
    "value": "a",
  },
  {
    "color": "transparent",
    "value": "ö",
  },
  {
    "color": "transparent",
    "value": "a",
  },
  {
    "color": "transparent",
    "value": " ",
  },
  {
    "color": "transparent",
    "value": "a",
  },
  {
    "color": "transparent",
    "value": "ö",
  },
  {
    "color": "transparent",
    "value": "a",
  },
  {
    "color": "transparent",
    "value": " ",
  },
  {
    "color": "transparent",
    "value": "a",
  },
  {
    "color": "transparent",
    "value": "ö",
  },
  {
    "color": "transparent",
    "value": "a",
  },
  {
    "color": "transparent",
    "value": " ",
  },
  {
    "color": "transparent",
    "value": "ö",
  },
  {
    "color": "transparent",
    "value": "a",
  },
  {
    "color": "transparent",
    "value": "ö",
  },
  {
    "color": "transparent",
    "value": " ",
  },
  {
    "color": "transparent",
    "value": "ö",
  },
  {
    "color": "transparent",
    "value": "a",
  },
  {
    "color": "transparent",
    "value": "ö",
  },
  {
    "color": "transparent",
    "value": " ",
  },
  {
    "color": "transparent",
    "value": "ö",
  },
  {
    "color": "transparent",
    "value": "a",
  },
  {
    "color": "transparent",
    "value": "ö",
  },
  {
    "color": "transparent",
    "value": " ",
  },
  {
    "color": "transparent",
    "value": "ö",
  },
  {
    "color": "transparent",
    "value": "a",
  },
  {
    "color": "transparent",
    "value": "ö",
  },
  {
    "color": "transparent",
    "value": " ",
  },
  {
    "color": "transparent",
    "value": "a",
  },
  {
    "color": "transparent",
    "value": "ö",
  },
  {
    "color": "transparent",
    "value": "ö",
  },
  {
    "color": "transparent",
    "value": " ",
  },
  {
    "color": "transparent",
    "value": "a",
  },
  {
    "color": "transparent",
    "value": "ö",
  },
  {
    "color": "transparent",
    "value": "ö",
  },
  {
    "color": "transparent",
    "value": " ",
  },
  {
    "color": "transparent",
    "value": "ö",
  },
  {
    "color": "transparent",
    "value": "ö",
  },
  {
    "color": "transparent",
    "value": "a",
  },
  {
    "color": "transparent",
    "value": " ",
  },
  {
    "color": "transparent",
    "value": "ö",
  },
  {
    "color": "transparent",
    "value": "ö",
  },
  {
    "color": "transparent",
    "value": "a",
  },
  {
    "color": "transparent",
    "value": " ",
  },
  {
    "color": "transparent",
    "value": "a",
  },
  {
    "color": "transparent",
    "value": "a",
  },
  {
    "color": "transparent",
    "value": "ö",
  },
  {
    "color": "transparent",
    "value": " ",
  },
  {
    "color": "transparent",
    "value": "ö",
  },
  {
    "color": "transparent",
    "value": "a",
  },
  {
    "color": "transparent",
    "value": "a",
  },
  {
    "color": "transparent",
    "value": "
",
  },
  {
    "color": "transparent",
    "value": "f",
  },
  {
    "color": "transparent",
    "value": "j",
  },
  {
    "color": "transparent",
    "value": "f",
  },
  {
    "color": "transparent",
    "value": " ",
  },
  {
    "color": "transparent",
    "value": "j",
  },
  {
    "color": "transparent",
    "value": "f",
  },
  {
    "color": "transparent",
    "value": "j",
  },
  {
    "color": "transparent",
    "value": " ",
  },
  {
    "color": "transparent",
    "value": "f",
  },
  {
    "color": "transparent",
    "value": "f",
  },
  {
    "color": "transparent",
    "value": "j",
  },
  {
    "color": "transparent",
    "value": " ",
  },
  {
    "color": "transparent",
    "value": "j",
  },
  {
    "color": "transparent",
    "value": "j",
  },
  {
    "color": "transparent",
    "value": "f",
  },
  {
    "color": "transparent",
    "value": " ",
  },
  {
    "color": "transparent",
    "value": "j",
  },
  {
    "color": "transparent",
    "value": "f",
  },
  {
    "color": "transparent",
    "value": "f",
  },
  {
    "color": "transparent",
    "value": " ",
  },
  {
    "color": "transparent",
    "value": "d",
  },
  {
    "color": "transparent",
    "value": "k",
  },
  {
    "color": "transparent",
    "value": "d",
  },
  {
    "color": "transparent",
    "value": " ",
  },
  {
    "color": "transparent",
    "value": "k",
  },
  {
    "color": "transparent",
    "value": "k",
  },
  {
    "color": "transparent",
    "value": "d",
  },
  {
    "color": "transparent",
    "value": " ",
  },
  {
    "color": "transparent",
    "value": "k",
  },
  {
    "color": "transparent",
    "value": "d",
  },
  {
    "color": "transparent",
    "value": "d",
  },
  {
    "color": "transparent",
    "value": " ",
  },
  {
    "color": "transparent",
    "value": "d",
  },
  {
    "color": "transparent",
    "value": "k",
  },
  {
    "color": "transparent",
    "value": "d",
  },
  {
    "color": "transparent",
    "value": " ",
  },
  {
    "color": "transparent",
    "value": "d",
  },
  {
    "color": "transparent",
    "value": "d",
  },
  {
    "color": "transparent",
    "value": "k",
  },
  {
    "color": "transparent",
    "value": " ",
  },
  {
    "color": "transparent",
    "value": "d",
  },
  {
    "color": "transparent",
    "value": "k",
  },
  {
    "color": "transparent",
    "value": "k",
  },
  {
    "color": "transparent",
    "value": " ",
  },
  {
    "color": "transparent",
    "value": "s",
  },
  {
    "color": "transparent",
    "value": "l",
  },
  {
    "color": "transparent",
    "value": "s",
  },
  {
    "color": "transparent",
    "value": " ",
  },
  {
    "color": "transparent",
    "value": "s",
  },
  {
    "color": "transparent",
    "value": "l",
  },
  {
    "color": "transparent",
    "value": "l",
  },
  {
    "color": "transparent",
    "value": " ",
  },
  {
    "color": "transparent",
    "value": "l",
  },
  {
    "color": "transparent",
    "value": "s",
  },
  {
    "color": "transparent",
    "value": "s",
  },
  {
    "color": "transparent",
    "value": " ",
  },
  {
    "color": "transparent",
    "value": "s",
  },
  {
    "color": "transparent",
    "value": "l",
  },
  {
    "color": "transparent",
    "value": "s",
  },
  {
    "color": "transparent",
    "value": " ",
  },
  {
    "color": "transparent",
    "value": "s",
  },
  {
    "color": "transparent",
    "value": "s",
  },
  {
    "color": "transparent",
    "value": "l",
  },
  {
    "color": "transparent",
    "value": " ",
  },
  {
    "color": "transparent",
    "value": "l",
  },
  {
    "color": "transparent",
    "value": "s",
  },
  {
    "color": "transparent",
    "value": "l",
  },
  {
    "color": "transparent",
    "value": "
",
  },
  {
    "color": "transparent",
    "value": "a",
  },
  {
    "color": "transparent",
    "value": "ö",
  },
  {
    "color": "transparent",
    "value": "a",
  },
  {
    "color": "transparent",
    "value": " ",
  },
  {
    "color": "transparent",
    "value": "a",
  },
  {
    "color": "transparent",
    "value": "ö",
  },
  {
    "color": "transparent",
    "value": "ö",
  },
  {
    "color": "transparent",
    "value": " ",
  },
  {
    "color": "transparent",
    "value": "ö",
  },
  {
    "color": "transparent",
    "value": "a",
  },
  {
    "color": "transparent",
    "value": "a",
  },
  {
    "color": "transparent",
    "value": " ",
  },
  {
    "color": "transparent",
    "value": "ö",
  },
  {
    "color": "transparent",
    "value": "a",
  },
  {
    "color": "transparent",
    "value": "ö",
  },
  {
    "color": "transparent",
    "value": " ",
  },
  {
    "color": "transparent",
    "value": "a",
  },
  {
    "color": "transparent",
    "value": "a",
  },
  {
    "color": "transparent",
    "value": "ö",
  },
  {
    "color": "transparent",
    "value": " ",
  },
  {
    "color": "transparent",
    "value": "ö",
  },
  {
    "color": "transparent",
    "value": "ö",
  },
  {
    "color": "transparent",
    "value": "a",
  },
  {
    "color": "transparent",
    "value": " ",
  },
  {
    "color": "transparent",
    "value": "f",
  },
  {
    "color": "transparent",
    "value": "j",
  },
  {
    "color": "transparent",
    "value": "f",
  },
  {
    "color": "transparent",
    "value": "j",
  },
  {
    "color": "transparent",
    "value": " ",
  },
  {
    "color": "transparent",
    "value": "j",
  },
  {
    "color": "transparent",
    "value": "f",
  },
  {
    "color": "transparent",
    "value": "j",
  },
  {
    "color": "transparent",
    "value": "f",
  },
  {
    "color": "transparent",
    "value": " ",
  },
  {
    "color": "transparent",
    "value": "k",
  },
  {
    "color": "transparent",
    "value": "d",
  },
  {
    "color": "transparent",
    "value": "k",
  },
  {
    "color": "transparent",
    "value": "d",
  },
  {
    "color": "transparent",
    "value": " ",
  },
  {
    "color": "transparent",
    "value": "d",
  },
  {
    "color": "transparent",
    "value": "k",
  },
  {
    "color": "transparent",
    "value": "d",
  },
  {
    "color": "transparent",
    "value": "k",
  },
  {
    "color": "transparent",
    "value": " ",
  },
  {
    "color": "transparent",
    "value": "l",
  },
  {
    "color": "transparent",
    "value": "s",
  },
  {
    "color": "transparent",
    "value": "l",
  },
  {
    "color": "transparent",
    "value": "s",
  },
  {
    "color": "transparent",
    "value": " ",
  },
  {
    "color": "transparent",
    "value": "s",
  },
  {
    "color": "transparent",
    "value": "l",
  },
  {
    "color": "transparent",
    "value": "s",
  },
  {
    "color": "transparent",
    "value": "l",
  },
  {
    "color": "transparent",
    "value": " ",
  },
  {
    "color": "transparent",
    "value": "ö",
  },
  {
    "color": "transparent",
    "value": "a",
  },
  {
    "color": "transparent",
    "value": "ö",
  },
  {
    "color": "transparent",
    "value": "a",
  },
  {
    "color": "transparent",
    "value": " ",
  },
  {
    "color": "transparent",
    "value": "ö",
  },
  {
    "color": "transparent",
    "value": "ö",
  },
  {
    "color": "transparent",
    "value": "a",
  },
  {
    "color": "transparent",
    "value": "a",
  },
  {
    "color": "transparent",
    "value": " ",
  },
  {
    "color": "transparent",
    "value": "a",
  },
  {
    "color": "transparent",
    "value": "a",
  },
  {
    "color": "transparent",
    "value": "ö",
  },
  {
    "color": "transparent",
    "value": "ö",
  },
  {
    "color": "transparent",
    "value": "
",
  },
  {
    "color": "transparent",
    "value": "a",
  },
  {
    "color": "transparent",
    "value": "s",
  },
  {
    "color": "transparent",
    "value": "d",
  },
  {
    "color": "transparent",
    "value": "f",
  },
  {
    "color": "transparent",
    "value": " ",
  },
  {
    "color": "transparent",
    "value": "j",
  },
  {
    "color": "transparent",
    "value": "k",
  },
  {
    "color": "transparent",
    "value": "l",
  },
  {
    "color": "transparent",
    "value": "ö",
  },
  {
    "color": "transparent",
    "value": " ",
  },
  {
    "color": "transparent",
    "value": "a",
  },
  {
    "color": "transparent",
    "value": "s",
  },
  {
    "color": "transparent",
    "value": "d",
  },
  {
    "color": "transparent",
    "value": "f",
  },
  {
    "color": "transparent",
    "value": " ",
  },
  {
    "color": "transparent",
    "value": "j",
  },
  {
    "color": "transparent",
    "value": "k",
  },
  {
    "color": "transparent",
    "value": "l",
  },
  {
    "color": "transparent",
    "value": "ö",
  },
  {
    "color": "transparent",
    "value": " ",
  },
  {
    "color": "transparent",
    "value": "a",
  },
  {
    "color": "transparent",
    "value": "s",
  },
  {
    "color": "transparent",
    "value": "d",
  },
  {
    "color": "transparent",
    "value": "f",
  },
  {
    "color": "transparent",
    "value": " ",
  },
  {
    "color": "transparent",
    "value": "j",
  },
  {
    "color": "transparent",
    "value": "k",
  },
  {
    "color": "transparent",
    "value": "l",
  },
  {
    "color": "transparent",
    "value": "ö",
  },
  {
    "color": "transparent",
    "value": " ",
  },
  {
    "color": "transparent",
    "value": "a",
  },
  {
    "color": "transparent",
    "value": "s",
  },
  {
    "color": "transparent",
    "value": "d",
  },
  {
    "color": "transparent",
    "value": "f",
  },
  {
    "color": "transparent",
    "value": " ",
  },
  {
    "color": "transparent",
    "value": "j",
  },
  {
    "color": "transparent",
    "value": "k",
  },
  {
    "color": "transparent",
    "value": "l",
  },
  {
    "color": "transparent",
    "value": "ö",
  },
  {
    "color": "transparent",
    "value": " ",
  },
  {
    "color": "transparent",
    "value": "a",
  },
  {
    "color": "transparent",
    "value": "s",
  },
  {
    "color": "transparent",
    "value": "d",
  },
  {
    "color": "transparent",
    "value": "f",
  },
  {
    "color": "transparent",
    "value": " ",
  },
  {
    "color": "transparent",
    "value": "j",
  },
  {
    "color": "transparent",
    "value": "k",
  },
  {
    "color": "transparent",
    "value": "l",
  },
  {
    "color": "transparent",
    "value": "ö",
  },
  {
    "color": "transparent",
    "value": " ",
  },
  {
    "color": "transparent",
    "value": "a",
  },
  {
    "color": "transparent",
    "value": "s",
  },
  {
    "color": "transparent",
    "value": "d",
  },
  {
    "color": "transparent",
    "value": "f",
  },
  {
    "color": "transparent",
    "value": " ",
  },
  {
    "color": "transparent",
    "value": "j",
  },
  {
    "color": "transparent",
    "value": "k",
  },
  {
    "color": "transparent",
    "value": "l",
  },
  {
    "color": "transparent",
    "value": "ö",
  },
  {
    "color": "transparent",
    "value": " ",
  },
  {
    "color": "transparent",
    "value": "a",
  },
  {
    "color": "transparent",
    "value": "s",
  },
  {
    "color": "transparent",
    "value": "d",
  },
  {
    "color": "transparent",
    "value": "f",
  },
  {
    "color": "transparent",
    "value": " ",
  },
  {
    "color": "transparent",
    "value": "j",
  },
  {
    "color": "transparent",
    "value": "k",
  },
  {
    "color": "transparent",
    "value": "l",
  },
  {
    "color": "transparent",
    "value": "ö",
  },
  {
    "color": "transparent",
    "value": "
",
  },
  {
    "color": "transparent",
    "value": "ö",
  },
  {
    "color": "transparent",
    "value": "l",
  },
  {
    "color": "transparent",
    "value": "k",
  },
  {
    "color": "transparent",
    "value": "j",
  },
  {
    "color": "transparent",
    "value": " ",
  },
  {
    "color": "transparent",
    "value": "f",
  },
  {
    "color": "transparent",
    "value": "d",
  },
  {
    "color": "transparent",
    "value": "s",
  },
  {
    "color": "transparent",
    "value": "a",
  },
  {
    "color": "transparent",
    "value": " ",
  },
  {
    "color": "transparent",
    "value": "ö",
  },
  {
    "color": "transparent",
    "value": "l",
  },
  {
    "color": "transparent",
    "value": "k",
  },
  {
    "color": "transparent",
    "value": "j",
  },
  {
    "color": "transparent",
    "value": " ",
  },
  {
    "color": "transparent",
    "value": "f",
  },
  {
    "color": "transparent",
    "value": "d",
  },
  {
    "color": "transparent",
    "value": "s",
  },
  {
    "color": "transparent",
    "value": "a",
  },
  {
    "color": "transparent",
    "value": " ",
  },
  {
    "color": "transparent",
    "value": "ö",
  },
  {
    "color": "transparent",
    "value": "l",
  },
  {
    "color": "transparent",
    "value": "k",
  },
  {
    "color": "transparent",
    "value": "j",
  },
  {
    "color": "transparent",
    "value": " ",
  },
  {
    "color": "transparent",
    "value": "f",
  },
  {
    "color": "transparent",
    "value": "d",
  },
  {
    "color": "transparent",
    "value": "s",
  },
  {
    "color": "transparent",
    "value": "a",
  },
  {
    "color": "transparent",
    "value": " ",
  },
  {
    "color": "transparent",
    "value": "j",
  },
  {
    "color": "transparent",
    "value": "k",
  },
  {
    "color": "transparent",
    "value": "l",
  },
  {
    "color": "transparent",
    "value": "ö",
  },
  {
    "color": "transparent",
    "value": " ",
  },
  {
    "color": "transparent",
    "value": "a",
  },
  {
    "color": "transparent",
    "value": "s",
  },
  {
    "color": "transparent",
    "value": "d",
  },
  {
    "color": "transparent",
    "value": "f",
  },
  {
    "color": "transparent",
    "value": " ",
  },
  {
    "color": "transparent",
    "value": "ö",
  },
  {
    "color": "transparent",
    "value": "l",
  },
  {
    "color": "transparent",
    "value": "k",
  },
  {
    "color": "transparent",
    "value": "j",
  },
  {
    "color": "transparent",
    "value": " ",
  },
  {
    "color": "transparent",
    "value": "f",
  },
  {
    "color": "transparent",
    "value": "d",
  },
  {
    "color": "transparent",
    "value": "s",
  },
  {
    "color": "transparent",
    "value": "a",
  },
  {
    "color": "transparent",
    "value": " ",
  },
  {
    "color": "transparent",
    "value": "a",
  },
  {
    "color": "transparent",
    "value": "s",
  },
  {
    "color": "transparent",
    "value": "d",
  },
  {
    "color": "transparent",
    "value": "f",
  },
  {
    "color": "transparent",
    "value": " ",
  },
  {
    "color": "transparent",
    "value": "ö",
  },
  {
    "color": "transparent",
    "value": "l",
  },
  {
    "color": "transparent",
    "value": "k",
  },
  {
    "color": "transparent",
    "value": "j",
  },
  {
    "color": "transparent",
    "value": " ",
  },
  {
    "color": "transparent",
    "value": "f",
  },
  {
    "color": "transparent",
    "value": "d",
  },
  {
    "color": "transparent",
    "value": "s",
  },
  {
    "color": "transparent",
    "value": "a",
  },
  {
    "color": "transparent",
    "value": " ",
  },
  {
    "color": "transparent",
    "value": "ö",
  },
  {
    "color": "transparent",
    "value": "l",
  },
  {
    "color": "transparent",
    "value": "k",
  },
  {
    "color": "transparent",
    "value": "j",
  },
  {
    "color": "transparent",
    "value": "
",
  },
  {
    "color": "transparent",
    "value": "
",
  },
  {
    "color": "transparent",
    "value": "a",
  },
  {
    "color": "transparent",
    "value": "l",
  },
  {
    "color": "transparent",
    "value": "s",
  },
  {
    "color": "transparent",
    "value": " ",
  },
  {
    "color": "transparent",
    "value": "a",
  },
  {
    "color": "transparent",
    "value": "l",
  },
  {
    "color": "transparent",
    "value": "s",
  },
  {
    "color": "transparent",
    "value": " ",
  },
  {
    "color": "transparent",
    "value": "a",
  },
  {
    "color": "transparent",
    "value": "l",
  },
  {
    "color": "transparent",
    "value": "s",
  },
  {
    "color": "transparent",
    "value": " ",
  },
  {
    "color": "transparent",
    "value": "a",
  },
  {
    "color": "transparent",
    "value": "l",
  },
  {
    "color": "transparent",
    "value": "s",
  },
  {
    "color": "transparent",
    "value": " ",
  },
  {
    "color": "transparent",
    "value": "a",
  },
  {
    "color": "transparent",
    "value": "l",
  },
  {
    "color": "transparent",
    "value": "s",
  },
  {
    "color": "transparent",
    "value": " ",
  },
  {
    "color": "transparent",
    "value": "a",
  },
  {
    "color": "transparent",
    "value": "l",
  },
  {
    "color": "transparent",
    "value": "s",
  },
  {
    "color": "transparent",
    "value": " ",
  },
  {
    "color": "transparent",
    "value": "a",
  },
  {
    "color": "transparent",
    "value": "l",
  },
  {
    "color": "transparent",
    "value": "s",
  },
  {
    "color": "transparent",
    "value": " ",
  },
  {
    "color": "transparent",
    "value": "a",
  },
  {
    "color": "transparent",
    "value": "l",
  },
  {
    "color": "transparent",
    "value": "s",
  },
  {
    "color": "transparent",
    "value": " ",
  },
  {
    "color": "transparent",
    "value": "a",
  },
  {
    "color": "transparent",
    "value": "l",
  },
  {
    "color": "transparent",
    "value": "s",
  },
  {
    "color": "transparent",
    "value": " ",
  },
  {
    "color": "transparent",
    "value": "l",
  },
  {
    "color": "transparent",
    "value": "a",
  },
  {
    "color": "transparent",
    "value": "s",
  },
  {
    "color": "transparent",
    "value": " ",
  },
  {
    "color": "transparent",
    "value": "l",
  },
  {
    "color": "transparent",
    "value": "a",
  },
  {
    "color": "transparent",
    "value": "s",
  },
  {
    "color": "transparent",
    "value": " ",
  },
  {
    "color": "transparent",
    "value": "l",
  },
  {
    "color": "transparent",
    "value": "a",
  },
  {
    "color": "transparent",
    "value": "s",
  },
  {
    "color": "transparent",
    "value": " ",
  },
  {
    "color": "transparent",
    "value": "l",
  },
  {
    "color": "transparent",
    "value": "a",
  },
  {
    "color": "transparent",
    "value": "s",
  },
  {
    "color": "transparent",
    "value": " ",
  },
  {
    "color": "transparent",
    "value": "l",
  },
  {
    "color": "transparent",
    "value": "a",
  },
  {
    "color": "transparent",
    "value": "s",
  },
  {
    "color": "transparent",
    "value": " ",
  },
  {
    "color": "transparent",
    "value": "l",
  },
  {
    "color": "transparent",
    "value": "a",
  },
  {
    "color": "transparent",
    "value": "s",
  },
  {
    "color": "transparent",
    "value": " ",
  },
  {
    "color": "transparent",
    "value": "l",
  },
  {
    "color": "transparent",
    "value": "a",
  },
  {
    "color": "transparent",
    "value": "s",
  },
  {
    "color": "transparent",
    "value": " ",
  },
  {
    "color": "transparent",
    "value": "l",
  },
  {
    "color": "transparent",
    "value": "a",
  },
  {
    "color": "transparent",
    "value": "s",
  },
  {
    "color": "transparent",
    "value": "
",
  },
  {
    "color": "transparent",
    "value": "a",
  },
  {
    "color": "transparent",
    "value": "l",
  },
  {
    "color": "transparent",
    "value": "l",
  },
  {
    "color": "transparent",
    "value": " ",
  },
  {
    "color": "transparent",
    "value": "a",
  },
  {
    "color": "transparent",
    "value": "l",
  },
  {
    "color": "transparent",
    "value": "l",
  },
  {
    "color": "transparent",
    "value": " ",
  },
  {
    "color": "transparent",
    "value": "a",
  },
  {
    "color": "transparent",
    "value": "l",
  },
  {
    "color": "transparent",
    "value": "l",
  },
  {
    "color": "transparent",
    "value": " ",
  },
  {
    "color": "transparent",
    "value": "a",
  },
  {
    "color": "transparent",
    "value": "l",
  },
  {
    "color": "transparent",
    "value": "l",
  },
  {
    "color": "transparent",
    "value": " ",
  },
  {
    "color": "transparent",
    "value": "a",
  },
  {
    "color": "transparent",
    "value": "l",
  },
  {
    "color": "transparent",
    "value": "l",
  },
  {
    "color": "transparent",
    "value": " ",
  },
  {
    "color": "transparent",
    "value": "a",
  },
  {
    "color": "transparent",
    "value": "l",
  },
  {
    "color": "transparent",
    "value": "l",
  },
  {
    "color": "transparent",
    "value": " ",
  },
  {
    "color": "transparent",
    "value": "a",
  },
  {
    "color": "transparent",
    "value": "l",
  },
  {
    "color": "transparent",
    "value": "l",
  },
  {
    "color": "transparent",
    "value": " ",
  },
  {
    "color": "transparent",
    "value": "a",
  },
  {
    "color": "transparent",
    "value": "l",
  },
  {
    "color": "transparent",
    "value": "l",
  },
  {
    "color": "transparent",
    "value": " ",
  },
  {
    "color": "transparent",
    "value": "a",
  },
  {
    "color": "transparent",
    "value": "a",
  },
  {
    "color": "transparent",
    "value": "l",
  },
  {
    "color": "transparent",
    "value": " ",
  },
  {
    "color": "transparent",
    "value": "a",
  },
  {
    "color": "transparent",
    "value": "a",
  },
  {
    "color": "transparent",
    "value": "l",
  },
  {
    "color": "transparent",
    "value": " ",
  },
  {
    "color": "transparent",
    "value": "a",
  },
  {
    "color": "transparent",
    "value": "a",
  },
  {
    "color": "transparent",
    "value": "l",
  },
  {
    "color": "transparent",
    "value": " ",
  },
  {
    "color": "transparent",
    "value": "a",
  },
  {
    "color": "transparent",
    "value": "a",
  },
  {
    "color": "transparent",
    "value": "l",
  },
  {
    "color": "transparent",
    "value": " ",
  },
  {
    "color": "transparent",
    "value": "a",
  },
  {
    "color": "transparent",
    "value": "a",
  },
  {
    "color": "transparent",
    "value": "l",
  },
  {
    "color": "transparent",
    "value": " ",
  },
  {
    "color": "transparent",
    "value": "a",
  },
  {
    "color": "transparent",
    "value": "a",
  },
  {
    "color": "transparent",
    "value": "l",
  },
  {
    "color": "transparent",
    "value": " ",
  },
  {
    "color": "transparent",
    "value": "a",
  },
  {
    "color": "transparent",
    "value": "a",
  },
  {
    "color": "transparent",
    "value": "l",
  },
  {
    "color": "transparent",
    "value": " ",
  },
  {
    "color": "transparent",
    "value": "a",
  },
  {
    "color": "transparent",
    "value": "a",
  },
  {
    "color": "transparent",
    "value": "l",
  },
  {
    "color": "transparent",
    "value": " ",
  },
  {
    "color": "transparent",
    "value": "a",
  },
  {
    "color": "transparent",
    "value": "a",
  },
  {
    "color": "transparent",
    "value": "l",
  },
  {
    "color": "transparent",
    "value": "
",
  },
  {
    "color": "transparent",
    "value": "f",
  },
  {
    "color": "transparent",
    "value": "a",
  },
  {
    "color": "transparent",
    "value": "l",
  },
  {
    "color": "transparent",
    "value": "l",
  },
  {
    "color": "transparent",
    "value": " ",
  },
  {
    "color": "transparent",
    "value": "f",
  },
  {
    "color": "transparent",
    "value": "a",
  },
  {
    "color": "transparent",
    "value": "l",
  },
  {
    "color": "transparent",
    "value": "l",
  },
  {
    "color": "transparent",
    "value": " ",
  },
  {
    "color": "transparent",
    "value": "f",
  },
  {
    "color": "transparent",
    "value": "a",
  },
  {
    "color": "transparent",
    "value": "l",
  },
  {
    "color": "transparent",
    "value": "l",
  },
  {
    "color": "transparent",
    "value": " ",
  },
  {
    "color": "transparent",
    "value": "f",
  },
  {
    "color": "transparent",
    "value": "a",
  },
  {
    "color": "transparent",
    "value": "l",
  },
  {
    "color": "transparent",
    "value": "l",
  },
  {
    "color": "transparent",
    "value": " ",
  },
  {
    "color": "transparent",
    "value": "f",
  },
  {
    "color": "transparent",
    "value": "a",
  },
  {
    "color": "transparent",
    "value": "l",
  },
  {
    "color": "transparent",
    "value": "l",
  },
  {
    "color": "transparent",
    "value": " ",
  },
  {
    "color": "transparent",
    "value": "f",
  },
  {
    "color": "transparent",
    "value": "a",
  },
  {
    "color": "transparent",
    "value": "l",
  },
  {
    "color": "transparent",
    "value": "l",
  },
  {
    "color": "transparent",
    "value": " ",
  },
  {
    "color": "transparent",
    "value": "f",
  },
  {
    "color": "transparent",
    "value": "a",
  },
  {
    "color": "transparent",
    "value": "l",
  },
  {
    "color": "transparent",
    "value": "k",
  },
  {
    "color": "transparent",
    "value": " ",
  },
  {
    "color": "transparent",
    "value": "f",
  },
  {
    "color": "transparent",
    "value": "a",
  },
  {
    "color": "transparent",
    "value": "l",
  },
  {
    "color": "transparent",
    "value": "k",
  },
  {
    "color": "transparent",
    "value": " ",
  },
  {
    "color": "transparent",
    "value": "f",
  },
  {
    "color": "transparent",
    "value": "a",
  },
  {
    "color": "transparent",
    "value": "l",
  },
  {
    "color": "transparent",
    "value": "k",
  },
  {
    "color": "transparent",
    "value": " ",
  },
  {
    "color": "transparent",
    "value": "f",
  },
  {
    "color": "transparent",
    "value": "a",
  },
  {
    "color": "transparent",
    "value": "l",
  },
  {
    "color": "transparent",
    "value": "k",
  },
  {
    "color": "transparent",
    "value": " ",
  },
  {
    "color": "transparent",
    "value": "f",
  },
  {
    "color": "transparent",
    "value": "a",
  },
  {
    "color": "transparent",
    "value": "l",
  },
  {
    "color": "transparent",
    "value": "k",
  },
  {
    "color": "transparent",
    "value": " ",
  },
  {
    "color": "transparent",
    "value": "f",
  },
  {
    "color": "transparent",
    "value": "a",
  },
  {
    "color": "transparent",
    "value": "l",
  },
  {
    "color": "transparent",
    "value": "k",
  },
  {
    "color": "transparent",
    "value": " ",
  },
  {
    "color": "transparent",
    "value": "f",
  },
  {
    "color": "transparent",
    "value": "a",
  },
  {
    "color": "transparent",
    "value": "l",
  },
  {
    "color": "transparent",
    "value": "k",
  },
  {
    "color": "transparent",
    "value": " ",
  },
  {
    "color": "transparent",
    "value": "f",
  },
  {
    "color": "transparent",
    "value": "a",
  },
  {
    "color": "transparent",
    "value": "l",
  },
  {
    "color": "transparent",
    "value": "k",
  },
  {
    "color": "transparent",
    "value": "
",
  },
  {
    "color": "transparent",
    "value": "s",
  },
  {
    "color": "transparent",
    "value": "a",
  },
  {
    "color": "transparent",
    "value": "a",
  },
  {
    "color": "transparent",
    "value": "l",
  },
  {
    "color": "transparent",
    "value": " ",
  },
  {
    "color": "transparent",
    "value": "s",
  },
  {
    "color": "transparent",
    "value": "a",
  },
  {
    "color": "transparent",
    "value": "a",
  },
  {
    "color": "transparent",
    "value": "l",
  },
  {
    "color": "transparent",
    "value": " ",
  },
  {
    "color": "transparent",
    "value": "s",
  },
  {
    "color": "transparent",
    "value": "a",
  },
  {
    "color": "transparent",
    "value": "a",
  },
  {
    "color": "transparent",
    "value": "l",
  },
  {
    "color": "transparent",
    "value": " ",
  },
  {
    "color": "transparent",
    "value": "s",
  },
  {
    "color": "transparent",
    "value": "a",
  },
  {
    "color": "transparent",
    "value": "a",
  },
  {
    "color": "transparent",
    "value": "l",
  },
  {
    "color": "transparent",
    "value": " ",
  },
  {
    "color": "transparent",
    "value": "s",
  },
  {
    "color": "transparent",
    "value": "a",
  },
  {
    "color": "transparent",
    "value": "a",
  },
  {
    "color": "transparent",
    "value": "l",
  },
  {
    "color": "transparent",
    "value": " ",
  },
  {
    "color": "transparent",
    "value": "s",
  },
  {
    "color": "transparent",
    "value": "a",
  },
  {
    "color": "transparent",
    "value": "a",
  },
  {
    "color": "transparent",
    "value": "l",
  },
  {
    "color": "transparent",
    "value": " ",
  },
  {
    "color": "transparent",
    "value": "s",
  },
  {
    "color": "transparent",
    "value": "k",
  },
  {
    "color": "transparent",
    "value": "a",
  },
  {
    "color": "transparent",
    "value": "l",
  },
  {
    "color": "transparent",
    "value": "a",
  },
  {
    "color": "transparent",
    "value": " ",
  },
  {
    "color": "transparent",
    "value": "s",
  },
  {
    "color": "transparent",
    "value": "k",
  },
  {
    "color": "transparent",
    "value": "a",
  },
  {
    "color": "transparent",
    "value": "l",
  },
  {
    "color": "transparent",
    "value": "a",
  },
  {
    "color": "transparent",
    "value": " ",
  },
  {
    "color": "transparent",
    "value": "s",
  },
  {
    "color": "transparent",
    "value": "k",
  },
  {
    "color": "transparent",
    "value": "a",
  },
  {
    "color": "transparent",
    "value": "l",
  },
  {
    "color": "transparent",
    "value": "a",
  },
  {
    "color": "transparent",
    "value": " ",
  },
  {
    "color": "transparent",
    "value": "s",
  },
  {
    "color": "transparent",
    "value": "k",
  },
  {
    "color": "transparent",
    "value": "a",
  },
  {
    "color": "transparent",
    "value": "l",
  },
  {
    "color": "transparent",
    "value": "a",
  },
  {
    "color": "transparent",
    "value": " ",
  },
  {
    "color": "transparent",
    "value": "s",
  },
  {
    "color": "transparent",
    "value": "k",
  },
  {
    "color": "transparent",
    "value": "a",
  },
  {
    "color": "transparent",
    "value": "l",
  },
  {
    "color": "transparent",
    "value": "a",
  },
  {
    "color": "transparent",
    "value": " ",
  },
  {
    "color": "transparent",
    "value": "s",
  },
  {
    "color": "transparent",
    "value": "k",
  },
  {
    "color": "transparent",
    "value": "a",
  },
  {
    "color": "transparent",
    "value": "l",
  },
  {
    "color": "transparent",
    "value": "a",
  },
  {
    "color": "transparent",
    "value": " ",
  },
  {
    "color": "transparent",
    "value": "a",
  },
  {
    "color": "transparent",
    "value": "l",
  },
  {
    "color": "transparent",
    "value": "s",
  },
  {
    "color": "transparent",
    "value": "
",
  },
  {
    "color": "transparent",
    "value": "a",
  },
  {
    "color": "transparent",
    "value": "l",
  },
  {
    "color": "transparent",
    "value": "s",
  },
  {
    "color": "transparent",
    "value": " ",
  },
  {
    "color": "transparent",
    "value": "a",
  },
  {
    "color": "transparent",
    "value": "l",
  },
  {
    "color": "transparent",
    "value": "l",
  },
  {
    "color": "transparent",
    "value": " ",
  },
  {
    "color": "transparent",
    "value": "a",
  },
  {
    "color": "transparent",
    "value": "a",
  },
  {
    "color": "transparent",
    "value": "l",
  },
  {
    "color": "transparent",
    "value": " ",
  },
  {
    "color": "transparent",
    "value": "f",
  },
  {
    "color": "transparent",
    "value": "a",
  },
  {
    "color": "transparent",
    "value": "l",
  },
  {
    "color": "transparent",
    "value": "l",
  },
  {
    "color": "transparent",
    "value": " ",
  },
  {
    "color": "transparent",
    "value": "k",
  },
  {
    "color": "transparent",
    "value": "a",
  },
  {
    "color": "transparent",
    "value": "l",
  },
  {
    "color": "transparent",
    "value": "k",
  },
  {
    "color": "transparent",
    "value": " ",
  },
  {
    "color": "transparent",
    "value": "s",
  },
  {
    "color": "transparent",
    "value": "a",
  },
  {
    "color": "transparent",
    "value": "a",
  },
  {
    "color": "transparent",
    "value": "l",
  },
  {
    "color": "transparent",
    "value": " ",
  },
  {
    "color": "transparent",
    "value": "s",
  },
  {
    "color": "transparent",
    "value": "k",
  },
  {
    "color": "transparent",
    "value": "a",
  },
  {
    "color": "transparent",
    "value": "l",
  },
  {
    "color": "transparent",
    "value": "a",
  },
  {
    "color": "transparent",
    "value": " ",
  },
  {
    "color": "transparent",
    "value": "a",
  },
  {
    "color": "transparent",
    "value": "l",
  },
  {
    "color": "transparent",
    "value": "s",
  },
  {
    "color": "transparent",
    "value": " ",
  },
  {
    "color": "transparent",
    "value": "a",
  },
  {
    "color": "transparent",
    "value": "l",
  },
  {
    "color": "transparent",
    "value": "l",
  },
  {
    "color": "transparent",
    "value": " ",
  },
  {
    "color": "transparent",
    "value": "a",
  },
  {
    "color": "transparent",
    "value": "a",
  },
  {
    "color": "transparent",
    "value": "l",
  },
  {
    "color": "transparent",
    "value": " ",
  },
  {
    "color": "transparent",
    "value": "f",
  },
  {
    "color": "transparent",
    "value": "a",
  },
  {
    "color": "transparent",
    "value": "l",
  },
  {
    "color": "transparent",
    "value": "l",
  },
  {
    "color": "transparent",
    "value": " ",
  },
  {
    "color": "transparent",
    "value": "k",
  },
  {
    "color": "transparent",
    "value": "a",
  },
  {
    "color": "transparent",
    "value": "l",
  },
  {
    "color": "transparent",
    "value": "k",
  },
  {
    "color": "transparent",
    "value": " ",
  },
  {
    "color": "transparent",
    "value": "s",
  },
  {
    "color": "transparent",
    "value": "a",
  },
  {
    "color": "transparent",
    "value": "a",
  },
  {
    "color": "transparent",
    "value": "l",
  },
  {
    "color": "transparent",
    "value": " ",
  },
  {
    "color": "transparent",
    "value": "s",
  },
  {
    "color": "transparent",
    "value": "k",
  },
  {
    "color": "transparent",
    "value": "a",
  },
  {
    "color": "transparent",
    "value": "l",
  },
  {
    "color": "transparent",
    "value": "a",
  },
  {
    "color": "transparent",
    "value": " ",
  },
  {
    "color": "transparent",
    "value": "a",
  },
  {
    "color": "transparent",
    "value": "l",
  },
  {
    "color": "transparent",
    "value": "l",
  },
  {
    "color": "transparent",
    "value": "
",
  },
  {
    "color": "transparent",
    "value": "a",
  },
  {
    "color": "transparent",
    "value": "l",
  },
  {
    "color": "transparent",
    "value": "s",
  },
  {
    "color": "transparent",
    "value": " ",
  },
  {
    "color": "transparent",
    "value": "d",
  },
  {
    "color": "transparent",
    "value": "a",
  },
  {
    "color": "transparent",
    "value": "s",
  },
  {
    "color": "transparent",
    "value": " ",
  },
  {
    "color": "transparent",
    "value": "ö",
  },
  {
    "color": "transparent",
    "value": "l",
  },
  {
    "color": "transparent",
    "value": " ",
  },
  {
    "color": "transparent",
    "value": "d",
  },
  {
    "color": "transparent",
    "value": "a",
  },
  {
    "color": "transparent",
    "value": " ",
  },
  {
    "color": "transparent",
    "value": "l",
  },
  {
    "color": "transparent",
    "value": "a",
  },
  {
    "color": "transparent",
    "value": "s",
  },
  {
    "color": "transparent",
    "value": " ",
  },
  {
    "color": "transparent",
    "value": "s",
  },
  {
    "color": "transparent",
    "value": "a",
  },
  {
    "color": "transparent",
    "value": "a",
  },
  {
    "color": "transparent",
    "value": "l",
  },
  {
    "color": "transparent",
    "value": " ",
  },
  {
    "color": "transparent",
    "value": "s",
  },
  {
    "color": "transparent",
    "value": "k",
  },
  {
    "color": "transparent",
    "value": "a",
  },
  {
    "color": "transparent",
    "value": "l",
  },
  {
    "color": "transparent",
    "value": "a",
  },
  {
    "color": "transparent",
    "value": " ",
  },
  {
    "color": "transparent",
    "value": "k",
  },
  {
    "color": "transparent",
    "value": "a",
  },
  {
    "color": "transparent",
    "value": "l",
  },
  {
    "color": "transparent",
    "value": "k",
  },
  {
    "color": "transparent",
    "value": " ",
  },
  {
    "color": "transparent",
    "value": "d",
  },
  {
    "color": "transparent",
    "value": "a",
  },
  {
    "color": "transparent",
    "value": " ",
  },
  {
    "color": "transparent",
    "value": "j",
  },
  {
    "color": "transparent",
    "value": "a",
  },
  {
    "color": "transparent",
    "value": " ",
  },
  {
    "color": "transparent",
    "value": "d",
  },
  {
    "color": "transparent",
    "value": "a",
  },
  {
    "color": "transparent",
    "value": "s",
  },
  {
    "color": "transparent",
    "value": " ",
  },
  {
    "color": "transparent",
    "value": "ö",
  },
  {
    "color": "transparent",
    "value": "l",
  },
  {
    "color": "transparent",
    "value": " ",
  },
  {
    "color": "transparent",
    "value": "f",
  },
  {
    "color": "transparent",
    "value": "a",
  },
  {
    "color": "transparent",
    "value": "l",
  },
  {
    "color": "transparent",
    "value": "l",
  },
  {
    "color": "transparent",
    "value": " ",
  },
  {
    "color": "transparent",
    "value": "j",
  },
  {
    "color": "transparent",
    "value": "a",
  },
  {
    "color": "transparent",
    "value": " ",
  },
  {
    "color": "transparent",
    "value": "s",
  },
  {
    "color": "transparent",
    "value": "a",
  },
  {
    "color": "transparent",
    "value": "a",
  },
  {
    "color": "transparent",
    "value": "l",
  },
  {
    "color": "transparent",
    "value": " ",
  },
  {
    "color": "transparent",
    "value": "d",
  },
  {
    "color": "transparent",
    "value": "a",
  },
  {
    "color": "transparent",
    "value": " ",
  },
  {
    "color": "transparent",
    "value": "ö",
  },
  {
    "color": "transparent",
    "value": "l",
  },
  {
    "color": "transparent",
    "value": " ",
  },
  {
    "color": "transparent",
    "value": "a",
  },
  {
    "color": "transparent",
    "value": "a",
  },
  {
    "color": "transparent",
    "value": "l",
  },
  {
    "color": "transparent",
    "value": "
",
  },
  {
    "color": "transparent",
    "value": "a",
  },
  {
    "color": "transparent",
    "value": "l",
  },
  {
    "color": "transparent",
    "value": "s",
  },
  {
    "color": "transparent",
    "value": " ",
  },
  {
    "color": "transparent",
    "value": "d",
  },
  {
    "color": "transparent",
    "value": "a",
  },
  {
    "color": "transparent",
    "value": "s",
  },
  {
    "color": "transparent",
    "value": " ",
  },
  {
    "color": "transparent",
    "value": "ö",
  },
  {
    "color": "transparent",
    "value": "l",
  },
  {
    "color": "transparent",
    "value": " ",
  },
  {
    "color": "transparent",
    "value": "d",
  },
  {
    "color": "transparent",
    "value": "a",
  },
  {
    "color": "transparent",
    "value": " ",
  },
  {
    "color": "transparent",
    "value": "l",
  },
  {
    "color": "transparent",
    "value": "a",
  },
  {
    "color": "transparent",
    "value": "s",
  },
  {
    "color": "transparent",
    "value": " ",
  },
  {
    "color": "transparent",
    "value": "s",
  },
  {
    "color": "transparent",
    "value": "a",
  },
  {
    "color": "transparent",
    "value": "a",
  },
  {
    "color": "transparent",
    "value": "l",
  },
  {
    "color": "transparent",
    "value": " ",
  },
  {
    "color": "transparent",
    "value": "s",
  },
  {
    "color": "transparent",
    "value": "k",
  },
  {
    "color": "transparent",
    "value": "a",
  },
  {
    "color": "transparent",
    "value": "l",
  },
  {
    "color": "transparent",
    "value": "a",
  },
  {
    "color": "transparent",
    "value": " ",
  },
  {
    "color": "transparent",
    "value": "k",
  },
  {
    "color": "transparent",
    "value": "a",
  },
  {
    "color": "transparent",
    "value": "l",
  },
  {
    "color": "transparent",
    "value": "k",
  },
  {
    "color": "transparent",
    "value": " ",
  },
  {
    "color": "transparent",
    "value": "d",
  },
  {
    "color": "transparent",
    "value": "a",
  },
  {
    "color": "transparent",
    "value": " ",
  },
  {
    "color": "transparent",
    "value": "j",
  },
  {
    "color": "transparent",
    "value": "a",
  },
  {
    "color": "transparent",
    "value": " ",
  },
  {
    "color": "transparent",
    "value": "d",
  },
  {
    "color": "transparent",
    "value": "a",
  },
  {
    "color": "transparent",
    "value": "s",
  },
  {
    "color": "transparent",
    "value": " ",
  },
  {
    "color": "transparent",
    "value": "ö",
  },
  {
    "color": "transparent",
    "value": "l",
  },
  {
    "color": "transparent",
    "value": " ",
  },
  {
    "color": "transparent",
    "value": "f",
  },
  {
    "color": "transparent",
    "value": "a",
  },
  {
    "color": "transparent",
    "value": "l",
  },
  {
    "color": "transparent",
    "value": "l",
  },
  {
    "color": "transparent",
    "value": " ",
  },
  {
    "color": "transparent",
    "value": "j",
  },
  {
    "color": "transparent",
    "value": "a",
  },
  {
    "color": "transparent",
    "value": " ",
  },
  {
    "color": "transparent",
    "value": "s",
  },
  {
    "color": "transparent",
    "value": "a",
  },
  {
    "color": "transparent",
    "value": "a",
  },
  {
    "color": "transparent",
    "value": "l",
  },
  {
    "color": "transparent",
    "value": " ",
  },
  {
    "color": "transparent",
    "value": "d",
  },
  {
    "color": "transparent",
    "value": "a",
  },
  {
    "color": "transparent",
    "value": " ",
  },
  {
    "color": "transparent",
    "value": "ö",
  },
  {
    "color": "transparent",
    "value": "l",
  },
  {
    "color": "transparent",
    "value": " ",
  },
  {
    "color": "transparent",
    "value": "a",
  },
  {
    "color": "transparent",
    "value": "a",
  },
  {
    "color": "transparent",
    "value": "l",
  },
  {
    "color": "transparent",
    "value": "
",
  },
  {
    "color": "transparent",
    "value": "
",
  },
  {
    "color": "transparent",
    "value": "k",
  },
  {
    "color": "transparent",
    "value": "a",
  },
  {
    "color": "transparent",
    "value": "l",
  },
  {
    "color": "transparent",
    "value": "k",
  },
  {
    "color": "transparent",
    "value": " ",
  },
  {
    "color": "transparent",
    "value": "k",
  },
  {
    "color": "transparent",
    "value": "l",
  },
  {
    "color": "transparent",
    "value": "a",
  },
  {
    "color": "transparent",
    "value": "k",
  },
  {
    "color": "transparent",
    "value": " ",
  },
  {
    "color": "transparent",
    "value": "l",
  },
  {
    "color": "transparent",
    "value": "a",
  },
  {
    "color": "transparent",
    "value": "k",
  },
  {
    "color": "transparent",
    "value": "k",
  },
  {
    "color": "transparent",
    "value": " ",
  },
  {
    "color": "transparent",
    "value": "a",
  },
  {
    "color": "transparent",
    "value": "l",
  },
  {
    "color": "transparent",
    "value": "k",
  },
  {
    "color": "transparent",
    "value": "k",
  },
  {
    "color": "transparent",
    "value": " ",
  },
  {
    "color": "transparent",
    "value": "l",
  },
  {
    "color": "transparent",
    "value": "a",
  },
  {
    "color": "transparent",
    "value": "k",
  },
  {
    "color": "transparent",
    "value": "k",
  },
  {
    "color": "transparent",
    "value": " ",
  },
  {
    "color": "transparent",
    "value": "k",
  },
  {
    "color": "transparent",
    "value": "l",
  },
  {
    "color": "transparent",
    "value": "l",
  },
  {
    "color": "transparent",
    "value": "a",
  },
  {
    "color": "transparent",
    "value": " ",
  },
  {
    "color": "transparent",
    "value": "l",
  },
  {
    "color": "transparent",
    "value": "k",
  },
  {
    "color": "transparent",
    "value": "a",
  },
  {
    "color": "transparent",
    "value": "k",
  },
  {
    "color": "transparent",
    "value": " ",
  },
  {
    "color": "transparent",
    "value": "k",
  },
  {
    "color": "transparent",
    "value": "a",
  },
  {
    "color": "transparent",
    "value": "k",
  },
  {
    "color": "transparent",
    "value": "l",
  },
  {
    "color": "transparent",
    "value": " ",
  },
  {
    "color": "transparent",
    "value": "a",
  },
  {
    "color": "transparent",
    "value": "k",
  },
  {
    "color": "transparent",
    "value": "k",
  },
  {
    "color": "transparent",
    "value": "l",
  },
  {
    "color": "transparent",
    "value": " ",
  },
  {
    "color": "transparent",
    "value": "l",
  },
  {
    "color": "transparent",
    "value": "k",
  },
  {
    "color": "transparent",
    "value": "k",
  },
  {
    "color": "transparent",
    "value": "a",
  },
  {
    "color": "transparent",
    "value": " ",
  },
  {
    "color": "transparent",
    "value": "k",
  },
  {
    "color": "transparent",
    "value": "k",
  },
  {
    "color": "transparent",
    "value": "l",
  },
  {
    "color": "transparent",
    "value": "a",
  },
  {
    "color": "transparent",
    "value": " ",
  },
  {
    "color": "transparent",
    "value": "k",
  },
  {
    "color": "transparent",
    "value": "k",
  },
  {
    "color": "transparent",
    "value": "a",
  },
  {
    "color": "transparent",
    "value": "l",
  },
  {
    "color": "transparent",
    "value": " ",
  },
  {
    "color": "transparent",
    "value": "k",
  },
  {
    "color": "transparent",
    "value": "l",
  },
  {
    "color": "transparent",
    "value": "k",
  },
  {
    "color": "transparent",
    "value": "a",
  },
  {
    "color": "transparent",
    "value": " ",
  },
  {
    "color": "transparent",
    "value": "k",
  },
  {
    "color": "transparent",
    "value": "k",
  },
  {
    "color": "transparent",
    "value": "a",
  },
  {
    "color": "transparent",
    "value": "l",
  },
  {
    "color": "transparent",
    "value": "
",
  },
  {
    "color": "transparent",
    "value": "k",
  },
  {
    "color": "transparent",
    "value": "a",
  },
  {
    "color": "transparent",
    "value": "l",
  },
  {
    "color": "transparent",
    "value": "k",
  },
  {
    "color": "transparent",
    "value": " ",
  },
  {
    "color": "transparent",
    "value": "k",
  },
  {
    "color": "transparent",
    "value": "l",
  },
  {
    "color": "transparent",
    "value": "a",
  },
  {
    "color": "transparent",
    "value": "k",
  },
  {
    "color": "transparent",
    "value": " ",
  },
  {
    "color": "transparent",
    "value": "l",
  },
  {
    "color": "transparent",
    "value": "a",
  },
  {
    "color": "transparent",
    "value": "k",
  },
  {
    "color": "transparent",
    "value": "k",
  },
  {
    "color": "transparent",
    "value": " ",
  },
  {
    "color": "transparent",
    "value": "a",
  },
  {
    "color": "transparent",
    "value": "l",
  },
  {
    "color": "transparent",
    "value": "k",
  },
  {
    "color": "transparent",
    "value": "k",
  },
  {
    "color": "transparent",
    "value": " ",
  },
  {
    "color": "transparent",
    "value": "l",
  },
  {
    "color": "transparent",
    "value": "a",
  },
  {
    "color": "transparent",
    "value": "k",
  },
  {
    "color": "transparent",
    "value": "k",
  },
  {
    "color": "transparent",
    "value": " ",
  },
  {
    "color": "transparent",
    "value": "k",
  },
  {
    "color": "transparent",
    "value": "l",
  },
  {
    "color": "transparent",
    "value": "l",
  },
  {
    "color": "transparent",
    "value": "a",
  },
  {
    "color": "transparent",
    "value": " ",
  },
  {
    "color": "transparent",
    "value": "l",
  },
  {
    "color": "transparent",
    "value": "k",
  },
  {
    "color": "transparent",
    "value": "a",
  },
  {
    "color": "transparent",
    "value": "k",
  },
  {
    "color": "transparent",
    "value": " ",
  },
  {
    "color": "transparent",
    "value": "k",
  },
  {
    "color": "transparent",
    "value": "a",
  },
  {
    "color": "transparent",
    "value": "k",
  },
  {
    "color": "transparent",
    "value": "l",
  },
  {
    "color": "transparent",
    "value": " ",
  },
  {
    "color": "transparent",
    "value": "a",
  },
  {
    "color": "transparent",
    "value": "k",
  },
  {
    "color": "transparent",
    "value": "k",
  },
  {
    "color": "transparent",
    "value": "l",
  },
  {
    "color": "transparent",
    "value": " ",
  },
  {
    "color": "transparent",
    "value": "l",
  },
  {
    "color": "transparent",
    "value": "k",
  },
  {
    "color": "transparent",
    "value": "k",
  },
  {
    "color": "transparent",
    "value": "a",
  },
  {
    "color": "transparent",
    "value": " ",
  },
  {
    "color": "transparent",
    "value": "k",
  },
  {
    "color": "transparent",
    "value": "k",
  },
  {
    "color": "transparent",
    "value": "l",
  },
  {
    "color": "transparent",
    "value": "a",
  },
  {
    "color": "transparent",
    "value": " ",
  },
  {
    "color": "transparent",
    "value": "k",
  },
  {
    "color": "transparent",
    "value": "k",
  },
  {
    "color": "transparent",
    "value": "a",
  },
  {
    "color": "transparent",
    "value": "l",
  },
  {
    "color": "transparent",
    "value": " ",
  },
  {
    "color": "transparent",
    "value": "k",
  },
  {
    "color": "transparent",
    "value": "l",
  },
  {
    "color": "transparent",
    "value": "k",
  },
  {
    "color": "transparent",
    "value": "a",
  },
  {
    "color": "transparent",
    "value": " ",
  },
  {
    "color": "transparent",
    "value": "a",
  },
  {
    "color": "transparent",
    "value": "l",
  },
  {
    "color": "transparent",
    "value": "k",
  },
  {
    "color": "transparent",
    "value": "k",
  },
]
`;

exports[`loadLesson.loadLesson 6 1`] = `[]`;
